Γû▓ Next.js 16.1.6 (Turbopack)
- Environments: .env
- Experiments (use with caution):
  ┬╖ serverActions

npx : ΓÜá The "middleware" file convention is 
deprecated. Please use "proxy" instead. Learn 
more: https://nextjs.org/docs/messages/middlewar
e-to-proxy
At line:1 char:1
+ npx next build > build_error.log 2>&1
+ ~~~~~~~~~~~~~~~~~~~~~~~~~~~~~~~~~~~~~
    + CategoryInfo          : NotSpecified: (ΓÜ 
   á The "middle...leware-to-proxy:String) [],  
   RemoteException
    + FullyQualifiedErrorId : NativeCommandErro 
   r
 
  Creating an optimized production build ...
Γ£ô Compiled successfully in 9.1s
  Running TypeScript ...
  Collecting page data using 11 workers ...
  Generating static pages using 11 workers (0/15) ...
ΓÜá Unsupported metadata viewport is configured 
in metadata export in /_not-found. Please move 
it to viewport export instead.
Read more: https://nextjs.org/docs/app/api-refer
ence/functions/generate-viewport
ΓÜá Unsupported metadata viewport is configured 
in metadata export in /analytics. Please move 
it to viewport export instead.
Read more: https://nextjs.org/docs/app/api-refer
ence/functions/generate-viewport
ΓÜá Unsupported metadata viewport is configured 
in metadata export in /beta2. Please move it to 
viewport export instead.
Read more: https://nextjs.org/docs/app/api-refer
ence/functions/generate-viewport
  Generating static pages using 11 workers (3/15) 
ΓÜá Unsupported metadata viewport is configured 
in metadata export in /calendar. Please move it 
to viewport export instead.
Read more: https://nextjs.org/docs/app/api-refer
ence/functions/generate-viewport
ΓÜá Unsupported metadata viewport is configured 
in metadata export in /companies. Please move 
it to viewport export instead.
Read more: https://nextjs.org/docs/app/api-refer
ence/functions/generate-viewport
ΓÜá Unsupported metadata viewport is configured 
in metadata export in /drivers. Please move it 
to viewport export instead.
Read more: https://nextjs.org/docs/app/api-refer
ence/functions/generate-viewport
  Generating static pages using 11 workers (7/15) 
ΓÜá Unsupported metadata viewport is configured 
in metadata export in /login. Please move it to 
viewport export instead.
Read more: https://nextjs.org/docs/app/api-refer
ence/functions/generate-viewport
ΓÜá Unsupported metadata viewport is configured 
in metadata export in /maintenance. Please move 
it to viewport export instead.
Read more: https://nextjs.org/docs/app/api-refer
ence/functions/generate-viewport
ΓÜá Unsupported metadata viewport is configured 
in metadata export in /. Please move it to 
viewport export instead.
Read more: https://nextjs.org/docs/app/api-refer
ence/functions/generate-viewport
  Generating static pages using 11 workers (11/15) 
ΓÜá Unsupported metadata viewport is configured 
in metadata export in /replay. Please move it 
to viewport export instead.
Read more: https://nextjs.org/docs/app/api-refer
ence/functions/generate-viewport
ΓÜá Unsupported metadata viewport is configured 
in metadata export in /settings. Please move it 
to viewport export instead.
Read more: https://nextjs.org/docs/app/api-refer
ence/functions/generate-viewport
ΓÜá Unsupported metadata viewport is configured 
in metadata export in /sop. Please move it to 
viewport export instead.
Read more: https://nextjs.org/docs/app/api-refer
ence/functions/generate-viewport
ΓÜá Unsupported metadata viewport is configured 
in metadata export in /vehicles. Please move it 
to viewport export instead.
Read more: https://nextjs.org/docs/app/api-refer
ence/functions/generate-viewport
Γ£ô Generating static pages using 11 workers (15/15) in 397.4ms
  Finalizing page optimization ...

Route (app)
Γöî ╞Æ /
Γö£ ╞Æ /_not-found
Γö£ ╞Æ /analytics
Γö£ ╞Æ /api/auth/[...nextauth]
Γö£ ╞Æ /beta2
Γö£ ╞Æ /calendar
Γö£ ╞Æ /companies
Γö£ ╞Æ /drivers
Γö£ ╞Æ /drivers/[id]
Γö£ ╞Æ /login
Γö£ ╞Æ /maintenance
Γö£ ╞Æ /replay
Γö£ ╞Æ /settings
Γö£ ╞Æ /sop
Γöö ╞Æ /vehicles


╞Æ Proxy (Middleware)

╞Æ  (Dynamic)  server-rendered on demand

